   Ôû▓ Next.js 15.5.14
   - Environments: .env

   Creating an optimized production build ...
node.exe :  ÔÜá Compiled 
with warnings in 2.2s
At line:1 char:1
+ & "C:\Program 
Files\nodejs/node.exe" 
"C:\Program 
Files\nodejs/node_mo ...
+ ~~~~~~~~~~~~~~~~~~~~~~~~~
~~~~~~~~~~~~~~~~~~~~~~~~~~~
~~~~~~~~~~~~~~~~~
    + CategoryInfo         
     : NotSpecified: ( ÔÜ  
  á Compiled with warnin   
 gs in 2.2s:String) [],    
 RemoteException
    + FullyQualifiedErrorI 
   d : NativeCommandError
 

./node_modules/jose/dist/we
bapi/lib/deflate.js
A Node.js API is used 
(CompressionStream at 
line: 10) which is not 
supported in the Edge 
Runtime.
Learn more: https://nextjs.
org/docs/api-reference/edge
-runtime

Import trace for requested 
module:
./node_modules/jose/dist/we
bapi/lib/deflate.js
./node_modules/jose/dist/we
bapi/jwe/flattened/decrypt.
js
./node_modules/jose/dist/we
bapi/index.js
./node_modules/next-auth/no
de_modules/@auth/core/jwt.j
s
./node_modules/next-auth/no
de_modules/@auth/core/lib/i
nit.js
./node_modules/next-auth/no
de_modules/@auth/core/lib/i
ndex.js
./node_modules/next-auth/no
de_modules/@auth/core/index
.js
./node_modules/next-auth/in
dex.js

./node_modules/jose/dist/we
bapi/lib/deflate.js
A Node.js API is used 
(DecompressionStream at 
line: 26) which is not 
supported in the Edge 
Runtime.
Learn more: https://nextjs.
org/docs/api-reference/edge
-runtime

Import trace for requested 
module:
./node_modules/jose/dist/we
bapi/lib/deflate.js
./node_modules/jose/dist/we
bapi/jwe/flattened/decrypt.
js
./node_modules/jose/dist/we
bapi/index.js
./node_modules/next-auth/no
de_modules/@auth/core/jwt.j
s
./node_modules/next-auth/no
de_modules/@auth/core/lib/i
nit.js
./node_modules/next-auth/no
de_modules/@auth/core/lib/i
ndex.js
./node_modules/next-auth/no
de_modules/@auth/core/index
.js
./node_modules/next-auth/in
dex.js

 Ô£ô Compiled successfully in 19.3s
   Skipping validation of types
   Skipping linting
   Collecting page data ...
   Generating static pages (0/38) ...
   Generating static pages (9/38) 
   Generating static pages (18/38) 
   Generating static pages (28/38) 
 Ô£ô Generating static pages (38/38)
   Finalizing page optimization ...
   Collecting build traces ...

Route (app)                                 Size  First Load JS
Ôöî Ôùï /                                    9.21 kB         169 kB
Ôö£ Ôùï /_not-found                            198 B         102 kB
Ôö£ Ôùï /admin/payouts                       2.98 kB         110 kB
Ôö£ ãÆ /admin/verification                  4.03 kB         147 kB
Ôö£ ãÆ /api/admin/payouts                     198 B         102 kB
Ôö£ ãÆ /api/admin/repair-purchases            198 B         102 kB
Ôö£ ãÆ /api/auth/[...nextauth]                198 B         102 kB
Ôö£ ãÆ /api/check-username                    198 B         102 kB
Ôö£ ãÆ /api/checkout                          198 B         102 kB
Ôö£ ãÆ /api/checkout/verify                   198 B         102 kB
Ôö£ ãÆ /api/payouts/monthly                   198 B         102 kB
Ôö£ ãÆ /api/posts                             198 B         102 kB
Ôö£ ãÆ /api/posts/[id]/comments               198 B         102 kB
Ôö£ ãÆ /api/posts/[id]/repost                 198 B         102 kB
Ôö£ ãÆ /api/problems                          198 B         102 kB
Ôö£ ãÆ /api/prompts                           198 B         102 kB
Ôö£ ãÆ /api/prompts/[id]                      198 B         102 kB
Ôö£ ãÆ /api/prompts/[id]/upvote               198 B         102 kB
Ôö£ ãÆ /api/signals                           198 B         102 kB
Ôö£ ãÆ /api/trending                          198 B         102 kB
Ôö£ ãÆ /api/user                              198 B         102 kB
Ôö£ ãÆ /api/user/[id]/posts                   198 B         102 kB
Ôö£ ãÆ /api/user/[id]/prompts                 198 B         102 kB
Ôö£ ãÆ /api/user/accounts                     198 B         102 kB
Ôö£ ãÆ /api/user/bookmarks                    198 B         102 kB
Ôö£ ãÆ /api/vote                              198 B         102 kB
Ôö£ ãÆ /api/wallet/balance                    198 B         102 kB
Ôö£ ãÆ /api/webhooks/cashfree                 198 B         102 kB
Ôö£ Ôùï /bounties                               4 kB         149 kB
Ôö£ Ôùï /choose-username                     2.84 kB         146 kB
Ôö£ Ôùï /clusters                            1.53 kB         147 kB
Ôö£ ãÆ /dashboard                             164 B         106 kB
Ôö£ ãÆ /dashboard/creator                   5.91 kB         156 kB
Ôö£ Ôùï /exchange                            3.93 kB         142 kB
Ôö£ Ôùï /explore                             5.57 kB         160 kB
Ôö£ Ôùï /login                               3.17 kB         150 kB
Ôö£ ãÆ /marketplace                         4.18 kB         162 kB
Ôö£ ãÆ /marketplace/receipt/[id]               1 kB         107 kB
Ôö£ ãÆ /marketplace/status                    571 B         111 kB
Ôö£ ãÆ /notifications                       2.08 kB         159 kB
Ôö£ ãÆ /post/[id]                              4 kB         160 kB
Ôö£ Ôùï /privacy                             4.82 kB         110 kB
Ôö£ Ôùï /profile                              1.4 kB         175 kB
Ôö£ Ôùï /prompt-sell                         2.19 kB         140 kB
Ôö£ Ôùï /settings                            5.49 kB         123 kB
Ôö£ ãÆ /signal/[id]                         2.47 kB         144 kB
Ôö£ Ôùï /signals                             3.93 kB         149 kB
Ôö£ Ôùï /signup                              7.19 kB         154 kB
Ôö£ Ôùï /terms                               4.11 kB         110 kB
Ôöö ãÆ /u/[username]                        1.34 kB         175 kB
+ First Load JS shared by all             102 kB
  Ôö£ chunks/1255-aadf393aa3a56bfa.js        46 kB
  Ôö£ chunks/4bd1b696-f785427dddbba9fb.js  54.2 kB
  Ôöö other shared chunks (total)          2.01 kB


ãÆ Middleware                             87.6 kB

Ôùï  (Static)   prerendered as static content
ãÆ  (Dynamic)  server-rendered on demand

